
> server-monitor-backend@1.0.0 test
> jest --runInBand

node.exe : FAIL src/services/ServicioMonitoreo.test.ts (7.415 s)
En línea: 1 Carácter: 1
+ & "C:\Program Files\nodejs/node.exe" "C:\Program Files\nodejs/node_mo ...
+ ~~~~~~~~~~~~~~~~~~~~~~~~~~~~~~~~~~~~~~~~~~~~~~~~~~~~~~~~~~~~~~~~~~~~~
    + CategoryInfo          : NotSpecified: (FAIL src/servic...st.ts (7.415 s):S 
   tring) [], RemoteException
    + FullyQualifiedErrorId : NativeCommandError
 
  ÔùÅ Console

    console.error
      [ServicioMonitoreo] Error al consultar agente en 127.0.0.1: connect 
ECONNREFUSED 127.0.0.1:9000

    [0m [90m 59 |[39m       }
     [90m 60 |[39m     } [36mcatch[39m (err[33m:[39m any) {
    [31m[1m>[22m[39m[90m 61 |[39m       
console[33m.[39merror([32m`[ServicioMonitoreo] Error al consultar agente en 
${servidor.host}:`[39m[33m,[39m err[33m.[39mmessage)[33m;[39m
     [90m    |[39m               [31m[1m^[22m[39m
     [90m 62 |[39m       errorAgente [33m=[39m [32m'Agente No 
Disponible'[39m[33m;[39m
     [90m 63 |[39m     }
     [90m 64 |[39m[0m

      at ServicioMonitoreo.verificarServidor 
(src/services/ServicioMonitoreo.ts:61:15)
      at Object.<anonymous> (src/services/ServicioMonitoreo.test.ts:46:5)

    console.error
      [ServicioMonitoreo] Error al consultar agente en 127.0.0.1: connect 
ECONNREFUSED 127.0.0.1:9000

    [0m [90m 59 |[39m       }
     [90m 60 |[39m     } [36mcatch[39m (err[33m:[39m any) {
    [31m[1m>[22m[39m[90m 61 |[39m       
console[33m.[39merror([32m`[ServicioMonitoreo] Error al consultar agente en 
${servidor.host}:`[39m[33m,[39m err[33m.[39mmessage)[33m;[39m
     [90m    |[39m               [31m[1m^[22m[39m
     [90m 62 |[39m       errorAgente [33m=[39m [32m'Agente No 
Disponible'[39m[33m;[39m
     [90m 63 |[39m     }
     [90m 64 |[39m[0m

      at ServicioMonitoreo.verificarServidor 
(src/services/ServicioMonitoreo.ts:61:15)
      at Object.<anonymous> (src/services/ServicioMonitoreo.test.ts:76:5)

    console.error
      [ServicioMonitoreo] Error al consultar agente en 127.0.0.1: connect 
ECONNREFUSED 127.0.0.1:9000

    [0m [90m 59 |[39m       }
     [90m 60 |[39m     } [36mcatch[39m (err[33m:[39m any) {
    [31m[1m>[22m[39m[90m 61 |[39m       
console[33m.[39merror([32m`[ServicioMonitoreo] Error al consultar agente en 
${servidor.host}:`[39m[33m,[39m err[33m.[39mmessage)[33m;[39m
     [90m    |[39m               [31m[1m^[22m[39m
     [90m 62 |[39m       errorAgente [33m=[39m [32m'Agente No 
Disponible'[39m[33m;[39m
     [90m 63 |[39m     }
     [90m 64 |[39m[0m

      at ServicioMonitoreo.verificarServidor 
(src/services/ServicioMonitoreo.ts:61:15)
      at Object.<anonymous> (src/services/ServicioMonitoreo.test.ts:96:5)

    console.error
      [ServicioMonitoreo] Error en procesarResultado: Error: fallo en 
notificaci├│n
          at Object.<anonymous> (C:\Proyectos Desarrollo IA\Sistema de 
monitoreoGL\backend\src\services\ServicioMonitoreo.test.ts:90:54)
          at Promise.then.completed (C:\Proyectos Desarrollo IA\Sistema de 
monitoreoGL\backend\node_modules\jest-circus\build\utils.js:298:28)
          at new Promise (<anonymous>)
          at callAsyncCircusFn (C:\Proyectos Desarrollo IA\Sistema de 
monitoreoGL\backend\node_modules\jest-circus\build\utils.js:231:10)
          at _callCircusTest (C:\Proyectos Desarrollo IA\Sistema de 
monitoreoGL\backend\node_modules\jest-circus\build\run.js:316:40)
          at _runTest (C:\Proyectos Desarrollo IA\Sistema de 
monitoreoGL\backend\node_modules\jest-circus\build\run.js:252:3)
          at _runTestsForDescribeBlock (C:\Proyectos Desarrollo IA\Sistema de 
monitoreoGL\backend\node_modules\jest-circus\build\run.js:126:9)
          at _runTestsForDescribeBlock (C:\Proyectos Desarrollo IA\Sistema de 
monitoreoGL\backend\node_modules\jest-circus\build\run.js:121:9)
          at run (C:\Proyectos Desarrollo IA\Sistema de 
monitoreoGL\backend\node_modules\jest-circus\build\run.js:71:3)
          at runAndTransformResultsToJestFormat (C:\Proyectos Desarrollo 
IA\Sistema de monitoreoGL\backend\node_modules\jest-circus\build\legacy-code-todo
-rewrite\jestAdapterInit.js:122:21)
          at jestAdapter (C:\Proyectos Desarrollo IA\Sistema de monitoreoGL\backe
nd\node_modules\jest-circus\build\legacy-code-todo-rewrite\jestAdapter.js:79:19)
          at runTestInternal (C:\Proyectos Desarrollo IA\Sistema de 
monitoreoGL\backend\node_modules\jest-runner\build\runTest.js:367:16)
          at runTest (C:\Proyectos Desarrollo IA\Sistema de 
monitoreoGL\backend\node_modules\jest-runner\build\runTest.js:444:34)

    [0m [90m 111 |[39m         
[33m.[39mprocesarResultado(servidorAntes[33m,[39m resultado)
     [90m 112 |[39m         [33m.[39m[36mcatch[39m((err) [33m=>[39m
    [31m[1m>[22m[39m[90m 113 |[39m           
console[33m.[39merror([32m'[ServicioMonitoreo] Error en 
procesarResultado:'[39m[33m,[39m err)
     [90m     |[39m                   [31m[1m^[22m[39m
     [90m 114 |[39m         )[33m;[39m
     [90m 115 |[39m     }
     [90m 116 |[39m[0m

      at src/services/ServicioMonitoreo.ts:113:19

  ÔùÅ ServicioMonitoreo: integraci├│n con ServicioNotificaciones ÔÇ║ 
verificarTodos llama procesarResultado por cada servidor

    thrown: "Exceeded timeout of 5000 ms for a test.
    Add a timeout value to this test to increase the timeout, if this is a 
long-running test. See https://jestjs.io/docs/api#testname-fn-timeout."

    [0m [90m  98 |[39m   })[33m;[39m
     [90m  99 |[39m
    [31m[1m>[22m[39m[90m 100 |[39m   test([32m'verificarTodos llama 
procesarResultado por cada servidor'[39m[33m,[39m [36masync[39m () 
[33m=>[39m {
     [90m     |[39m   [31m[1m^[22m[39m
     [90m 101 |[39m     [36mconst[39m { store[33m,[39m tmpDir[33m:[39m 
td } [33m=[39m crearConfigStoreTemp()[33m;[39m
     [90m 102 |[39m     tmpDir [33m=[39m td[33m;[39m
     [90m 103 |[39m[0m

      at src/services/ServicioMonitoreo.test.ts:100:3
      at Object.<anonymous> (src/services/ServicioMonitoreo.test.ts:24:1)


  ÔùÅ  Cannot log after tests are done. Did you forget to wait for something 
async in your test?
    Attempted to log "[ServicioMonitoreo] Error al consultar agente en 10.0.0.1: 
timeout of 5000ms exceeded".

    [0m [90m 59 |[39m       }
     [90m 60 |[39m     } [36mcatch[39m (err[33m:[39m any) {
    [31m[1m>[22m[39m[90m 61 |[39m       
console[33m.[39merror([32m`[ServicioMonitoreo] Error al consultar agente en 
${servidor.host}:`[39m[33m,[39m err[33m.[39mmessage)[33m;[39m
     [90m    |[39m               [31m[1m^[22m[39m
     [90m 62 |[39m       errorAgente [33m=[39m [32m'Agente No 
Disponible'[39m[33m;[39m
     [90m 63 |[39m     }
     [90m 64 |[39m[0m

      at console.error 
(node_modules/@jest/console/build/BufferedConsole.js:127:10)
      at ServicioMonitoreo.verificarServidor 
(src/services/ServicioMonitoreo.ts:61:15)
          at async Promise.all (index 0)
      at Object.<anonymous> (src/services/ServicioMonitoreo.test.ts:113:5)


  ÔùÅ  Cannot log after tests are done. Did you forget to wait for something 
async in your test?
    Attempted to log "[ServicioMonitoreo] Error al consultar agente en 10.0.0.2: 
timeout of 5000ms exceeded".

    [0m [90m 59 |[39m       }
     [90m 60 |[39m     } [36mcatch[39m (err[33m:[39m any) {
    [31m[1m>[22m[39m[90m 61 |[39m       
console[33m.[39merror([32m`[ServicioMonitoreo] Error al consultar agente en 
${servidor.host}:`[39m[33m,[39m err[33m.[39mmessage)[33m;[39m
     [90m    |[39m               [31m[1m^[22m[39m
     [90m 62 |[39m       errorAgente [33m=[39m [32m'Agente No 
Disponible'[39m[33m;[39m
     [90m 63 |[39m     }
     [90m 64 |[39m[0m

      at console.error 
(node_modules/@jest/console/build/BufferedConsole.js:127:10)
      at ServicioMonitoreo.verificarServidor 
(src/services/ServicioMonitoreo.ts:61:15)
          at async Promise.all (index 1)
      at Object.<anonymous> (src/services/ServicioMonitoreo.test.ts:113:5)

FAIL src/store/ConfigStore.test.ts
  ÔùÅ Propiedad 1: Registro de servidor persiste y es recuperable

    Property failed after 14 tests
    { seed: -281245761, path: "13", endOnFailure: true }
    Counterexample: [{"nombre":"%{ &_%'&o","host":"72.1.253.68"}]
    Shrunk 0 time(s)
    Got error: EPERM: operation not permitted, rename 'C:\Proyectos Desarrollo 
IA\Sistema de monitoreoGL\data-test\config-1773201973220-934j68mjn84.json.tmp' 
-> 'C:\Proyectos Desarrollo IA\Sistema de 
monitoreoGL\data-test\config-1773201973220-934j68mjn84.json'

    Hint: Enable verbose mode in order to have the list of all failing values 
encountered during the run

    [0m [90m 27 |[39m [90m// 
---------------------------------------------------------------------------[39m
     [90m 28 |[39m test([32m'Propiedad 1: Registro de servidor persiste y es 
recuperable'[39m[33m,[39m () [33m=>[39m {
    [31m[1m>[22m[39m[90m 29 |[39m   fc[33m.[39massert(
     [90m    |[39m      [31m[1m^[22m[39m
     [90m 30 |[39m     fc[33m.[39mproperty(
     [90m 31 |[39m       fc[33m.[39mrecord({
     [90m 32 |[39m         nombre[33m:[39m fc[33m.[39mstring({ 
minLength[33m:[39m [35m1[39m[33m,[39m maxLength[33m:[39m [35m50[39m 
})[33m.[39mfilter((s) [33m=>[39m s[33m.[39mtrim()[33m.[39mlength 
[33m>[39m [35m0[39m)[33m,[39m[0m

      at buildError 
(node_modules/fast-check/lib/check/runner/utils/RunDetailsFormatter.js:132:15)
      at throwIfFailed 
(node_modules/fast-check/lib/check/runner/utils/RunDetailsFormatter.js:144:11)
      at reportRunDetails 
(node_modules/fast-check/lib/check/runner/utils/RunDetailsFormatter.js:157:16)
      at Object.assert (node_modules/fast-check/lib/check/runner/Runner.js:73:52)
      at Object.<anonymous> (src/store/ConfigStore.test.ts:29:6)

PASS src/services/ServicioEmail.test.ts
  ÔùÅ Console

    console.log
      [ServicioEmail] Enviando a admin@test.com via smtp.test.com:587

      at ServicioEmail.enviarNotificacion (src/services/ServicioEmail.ts:148:15)

    console.log
      [ServicioEmail] Correo enviado: [Monitor Servidores] 1 cambio(s) 
detectado(s) - 10/03/2026 22:06

      at ServicioEmail.enviarNotificacion (src/services/ServicioEmail.ts:155:15)

    console.log
      [ServicioEmail] Enviando a admin@test.com via smtp.test.com:587

      at ServicioEmail.enviarNotificacion (src/services/ServicioEmail.ts:148:15)

    console.log
      [ServicioEmail] Correo enviado: [Monitor Servidores] 3 cambio(s) 
detectado(s) - 10/03/2026 22:06

      at ServicioEmail.enviarNotificacion (src/services/ServicioEmail.ts:155:15)

    console.log
      [ServicioEmail] Enviando a admin@test.com via smtp.test.com:587

      at ServicioEmail.enviarNotificacion (src/services/ServicioEmail.ts:148:15)

    console.error
      [ServicioEmail] Error al enviar notificaci├│n: Error: Connection timeout
          at Object.<anonymous> (C:\Proyectos Desarrollo IA\Sistema de 
monitoreoGL\backend\src\services\ServicioEmail.test.ts:176:36)
          at Promise.then.completed (C:\Proyectos Desarrollo IA\Sistema de 
monitoreoGL\backend\node_modules\jest-circus\build\utils.js:298:28)
          at new Promise (<anonymous>)
          at callAsyncCircusFn (C:\Proyectos Desarrollo IA\Sistema de 
monitoreoGL\backend\node_modules\jest-circus\build\utils.js:231:10)
          at _callCircusTest (C:\Proyectos Desarrollo IA\Sistema de 
monitoreoGL\backend\node_modules\jest-circus\build\run.js:316:40)
          at _runTest (C:\Proyectos Desarrollo IA\Sistema de 
monitoreoGL\backend\node_modules\jest-circus\build\run.js:252:3)
          at _runTestsForDescribeBlock (C:\Proyectos Desarrollo IA\Sistema de 
monitoreoGL\backend\node_modules\jest-circus\build\run.js:126:9)
          at _runTestsForDescribeBlock (C:\Proyectos Desarrollo IA\Sistema de 
monitoreoGL\backend\node_modules\jest-circus\build\run.js:121:9)
          at run (C:\Proyectos Desarrollo IA\Sistema de 
monitoreoGL\backend\node_modules\jest-circus\build\run.js:71:3)
          at runAndTransformResultsToJestFormat (C:\Proyectos Desarrollo 
IA\Sistema de monitoreoGL\backend\node_modules\jest-circus\build\legacy-code-todo
-rewrite\jestAdapterInit.js:122:21)
          at jestAdapter (C:\Proyectos Desarrollo IA\Sistema de monitoreoGL\backe
nd\node_modules\jest-circus\build\legacy-code-todo-rewrite\jestAdapter.js:79:19)
          at runTestInternal (C:\Proyectos Desarrollo IA\Sistema de 
monitoreoGL\backend\node_modules\jest-runner\build\runTest.js:367:16)
          at runTest (C:\Proyectos Desarrollo IA\Sistema de 
monitoreoGL\backend\node_modules\jest-runner\build\runTest.js:444:34)

    [0m [90m 156 |[39m     } [36mcatch[39m (error) {
     [90m 157 |[39m       [90m// Req 4.5, 4.6: loguear sin relanzar[39m
    [31m[1m>[22m[39m[90m 158 |[39m       
console[33m.[39merror([32m'[ServicioEmail] Error al enviar 
notificaci├│n:'[39m[33m,[39m error)[33m;[39m
     [90m     |[39m               [31m[1m^[22m[39m
     [90m 159 |[39m     }
     [90m 160 |[39m   }
     [90m 161 |[39m }[0m

      at ServicioEmail.enviarNotificacion (src/services/ServicioEmail.ts:158:15)
      at Object.<anonymous> (src/services/ServicioEmail.test.ts:180:5)

FAIL src/services/RegistroNotificaciones.test.ts


  ÔùÅ Test suite failed to run

    EPERM, Permission denied: \\?\C:\Proyectos Desarrollo IA\Sistema de 
monitoreoGL\data-test-notif '\\?\C:\Proyectos Desarrollo IA\Sistema de 
monitoreoGL\data-test-notif'

    [0m [90m 35 |[39m
     [90m 36 |[39m afterAll(() [33m=>[39m {
    [31m[1m>[22m[39m[90m 37 |[39m   [36mif[39m 
(fs[33m.[39mexistsSync([33mTEST_DATA_DIR[39m)) 
fs[33m.[39mrmSync([33mTEST_DATA_DIR[39m[33m,[39m { recursive[33m:[39m 
[36mtrue[39m[33m,[39m force[33m:[39m [36mtrue[39m })[33m;[39m
     [90m    |[39m                                        [31m[1m^[22m[39m
     [90m 38 |[39m })[33m;[39m
     [90m 39 |[39m
     [90m 40 |[39m [90m// ----------------------------------------------------
-----------------------[39m[0m

      at Object.<anonymous> (src/services/RegistroNotificaciones.test.ts:37:40)

PASS src/checkers/VerificadorHTTPS.test.ts
PASS src/services/ServicioNotificaciones.test.ts
PASS src/services/Planificador.test.ts
  ÔùÅ Console

    console.error
      [Planificador] Error en verificaci├│n peri├│dica: Error: fallo simulado
          at Object.<anonymous> (C:\Proyectos Desarrollo IA\Sistema de 
monitoreoGL\backend\src\services\Planificador.test.ts:56:51)
          at Promise.then.completed (C:\Proyectos Desarrollo IA\Sistema de 
monitoreoGL\backend\node_modules\jest-circus\build\utils.js:298:28)
          at new Promise (<anonymous>)
          at callAsyncCircusFn (C:\Proyectos Desarrollo IA\Sistema de 
monitoreoGL\backend\node_modules\jest-circus\build\utils.js:231:10)
          at _callCircusTest (C:\Proyectos Desarrollo IA\Sistema de 
monitoreoGL\backend\node_modules\jest-circus\build\run.js:316:40)
          at _runTest (C:\Proyectos Desarrollo IA\Sistema de 
monitoreoGL\backend\node_modules\jest-circus\build\run.js:252:3)
          at _runTestsForDescribeBlock (C:\Proyectos Desarrollo IA\Sistema de 
monitoreoGL\backend\node_modules\jest-circus\build\run.js:126:9)
          at _runTestsForDescribeBlock (C:\Proyectos Desarrollo IA\Sistema de 
monitoreoGL\backend\node_modules\jest-circus\build\run.js:121:9)
          at run (C:\Proyectos Desarrollo IA\Sistema de 
monitoreoGL\backend\node_modules\jest-circus\build\run.js:71:3)
          at runAndTransformResultsToJestFormat (C:\Proyectos Desarrollo 
IA\Sistema de monitoreoGL\backend\node_modules\jest-circus\build\legacy-code-todo
-rewrite\jestAdapterInit.js:122:21)
          at jestAdapter (C:\Proyectos Desarrollo IA\Sistema de monitoreoGL\backe
nd\node_modules\jest-circus\build\legacy-code-todo-rewrite\jestAdapter.js:79:19)
          at runTestInternal (C:\Proyectos Desarrollo IA\Sistema de 
monitoreoGL\backend\node_modules\jest-runner\build\runTest.js:367:16)
          at runTest (C:\Proyectos Desarrollo IA\Sistema de 
monitoreoGL\backend\node_modules\jest-runner\build\runTest.js:444:34)

    [0m [90m 30 |[39m       [36mawait[39m 
[36mthis[39m[33m.[39mservicio[33m.[39mverificarTodos()[33m;[39m
     [90m 31 |[39m     } [36mcatch[39m (err) {
    [31m[1m>[22m[39m[90m 32 |[39m       
console[33m.[39merror([32m'[Planificador] Error en verificaci├│n 
peri├│dica:'[39m[33m,[39m err)[33m;[39m
     [90m    |[39m               [31m[1m^[22m[39m
     [90m 33 |[39m     }
     [90m 34 |[39m   }
     [90m 35 |[39m[0m

      at Planificador.ejecutarCiclo (src/services/Planificador.ts:32:15)
      at Object.<anonymous> (src/services/Planificador.test.ts:62:5)

    console.error
      [Planificador] Error en verificaci├│n peri├│dica: Error: error de 
notificaci├│n
          at Object.<anonymous> (C:\Proyectos Desarrollo IA\Sistema de 
monitoreoGL\backend\src\services\Planificador.test.ts:71:35)
          at C:\Proyectos Desarrollo IA\Sistema de 
monitoreoGL\backend\node_modules\jest-mock\build\index.js:397:39
          at Object.<anonymous> (C:\Proyectos Desarrollo IA\Sistema de 
monitoreoGL\backend\node_modules\jest-mock\build\index.js:404:13)
          at Object.mockConstructor [as verificarTodos] (C:\Proyectos Desarrollo 
IA\Sistema de monitoreoGL\backend\node_modules\jest-mock\build\index.js:148:19)
          at Planificador.ejecutarCiclo (C:\Proyectos Desarrollo IA\Sistema de 
monitoreoGL\backend\src\services\Planificador.ts:30:27)
          at Object.<anonymous> (C:\Proyectos Desarrollo IA\Sistema de 
monitoreoGL\backend\src\services\Planificador.test.ts:79:31)
          at Promise.then.completed (C:\Proyectos Desarrollo IA\Sistema de 
monitoreoGL\backend\node_modules\jest-circus\build\utils.js:298:28)
          at new Promise (<anonymous>)
          at callAsyncCircusFn (C:\Proyectos Desarrollo IA\Sistema de 
monitoreoGL\backend\node_modules\jest-circus\build\utils.js:231:10)
          at _callCircusTest (C:\Proyectos Desarrollo IA\Sistema de 
monitoreoGL\backend\node_modules\jest-circus\build\run.js:316:40)
          at _runTest (C:\Proyectos Desarrollo IA\Sistema de 
monitoreoGL\backend\node_modules\jest-circus\build\run.js:252:3)
          at _runTestsForDescribeBlock (C:\Proyectos Desarrollo IA\Sistema de 
monitoreoGL\backend\node_modules\jest-circus\build\run.js:126:9)
          at _runTestsForDescribeBlock (C:\Proyectos Desarrollo IA\Sistema de 
monitoreoGL\backend\node_modules\jest-circus\build\run.js:121:9)
          at run (C:\Proyectos Desarrollo IA\Sistema de 
monitoreoGL\backend\node_modules\jest-circus\build\run.js:71:3)
          at runAndTransformResultsToJestFormat (C:\Proyectos Desarrollo 
IA\Sistema de monitoreoGL\backend\node_modules\jest-circus\build\legacy-code-todo
-rewrite\jestAdapterInit.js:122:21)
          at jestAdapter (C:\Proyectos Desarrollo IA\Sistema de monitoreoGL\backe
nd\node_modules\jest-circus\build\legacy-code-todo-rewrite\jestAdapter.js:79:19)
          at runTestInternal (C:\Proyectos Desarrollo IA\Sistema de 
monitoreoGL\backend\node_modules\jest-runner\build\runTest.js:367:16)
          at runTest (C:\Proyectos Desarrollo IA\Sistema de 
monitoreoGL\backend\node_modules\jest-runner\build\runTest.js:444:34)

    [0m [90m 30 |[39m       [36mawait[39m 
[36mthis[39m[33m.[39mservicio[33m.[39mverificarTodos()[33m;[39m
     [90m 31 |[39m     } [36mcatch[39m (err) {
    [31m[1m>[22m[39m[90m 32 |[39m       
console[33m.[39merror([32m'[Planificador] Error en verificaci├│n 
peri├│dica:'[39m[33m,[39m err)[33m;[39m
     [90m    |[39m               [31m[1m^[22m[39m
     [90m 33 |[39m     }
     [90m 34 |[39m   }
     [90m 35 |[39m[0m

      at Planificador.ejecutarCiclo (src/services/Planificador.ts:32:15)
      at Object.<anonymous> (src/services/Planificador.test.ts:79:5)


Test Suites: 3 failed, 4 passed, 7 total
Tests:       2 failed, 53 passed, 55 total
Snapshots:   0 total
Time:        15.257 s, estimated 21 s
Ran all test suites.
